OurOwnByteArrayOutputStream{
creditDebit='-'
, confirmationLetter=ConfirmationLetter{
fileExtension=FileExtension{
extensionString='.txt'
}
, currency=null
, hashTotalCredit='80000.0'
, hashTotalDebit='13549.11'
, batchTotalDebit='0'
, batchTotalCredit='20'
, totalProcessedRecords='314.33'
, transactionCost='49.85'
, collectionType='Fast'
, bankMap=[AmountAndRecordsPerBank{bank=Wells Fargo Bank, totalRecord=1, amount=234532.23, currencyType='euro', accountNumber=31415, bankName='null'}]
, creditingErrors=[FaultRecord{
creditDebit='-'
, currencyCode='Euro'
, currency=Euros{
code='Euro'
, currencyType='null'
}
, bank=Wells Fargo
, accountNumber=12
, amount=2342.24
, freeRecord=2
, isCounterTransferRecord=1
, beneficiaryName='Captain America'
}]
, client=Client{creditDebit='-', profile=Profile{}, counterTransfer='0', amountDivider=3.5}
, branchName='Houston Branch'
, retrievedAmountEuro=19678.78
, retrievedAmountFL=6733.19
, retrievedAmountUSD=6733.19
, totalRecords=[]
}
}OurOwnByteArrayOutputStream{
creditDebit='-'
, confirmationLetter=ConfirmationLetter{
fileExtension=FileExtension{
extensionString='.txt'
}
, currency=null
, hashTotalCredit='80000.0'
, hashTotalDebit='13549.11'
, batchTotalDebit='0'
, batchTotalCredit='20'
, totalProcessedRecords='314.33'
, transactionCost=''
, collectionType='Fast'
, bankMap=[AmountAndRecordsPerBank{bank=Wells Fargo Bank, totalRecord=1, amount=234532.23, currencyType='euro', accountNumber=31415, bankName='null'}]
, creditingErrors=[FaultRecord{
creditDebit='-'
, currencyCode='Euro'
, currency=Euros{
code='Euro'
, currencyType='null'
}
, bank=Wells Fargo
, accountNumber=12
, amount=2342.24
, freeRecord=2
, isCounterTransferRecord=1
, beneficiaryName='Captain America'
}]
, client=Client{creditDebit='-', profile=Profile{}, counterTransfer='0', amountDivider=3.5}
, branchName='Houston Branch'
, retrievedAmountEuro=19678.78
, retrievedAmountFL=6733.19
, retrievedAmountUSD=6733.19
, totalRecords=[]
}
}